../Core/Src/main.c:64:5:_write	1
../Core/Src/main.c:102:6:print_pos	1
../Core/Src/main.c:126:5:main	1
../Core/Src/main.c:217:6:SystemClock_Config	3
../Core/Src/main.c:264:13:MX_I2C3_Init	2
../Core/Src/main.c:298:13:MX_TIM1_Init	7
../Core/Src/main.c:373:13:MX_USART2_UART_Init	2
../Core/Src/main.c:406:13:MX_USART6_UART_Init	2
../Core/Src/main.c:439:13:MX_GPIO_Init	1
../Core/Src/main.c:475:6:HAL_TIM_PWM_PulseFinishedCallback	2
../Core/Src/main.c:490:6:StartDefaultTask	1
../Core/Src/main.c:508:6:Start_UART_task	1
../Core/Src/main.c:531:7:wait_for_stop	2
../Core/Src/main.c:527:6:Start_STEPPER_task	1
../Core/Src/main.c:538:10:get_diff	2
../Core/Src/main.c:545:7:goto_enc	2
../Core/Src/main.c:605:6:Start_ENCODER_task	6
../Core/Src/main.c:645:6:HAL_TIM_PeriodElapsedCallback	2
../Core/Src/main.c:662:6:Error_Handler	1
