../Core/Src/main.c:59:5:_write	1
../Core/Src/main.c:88:5:main	1
../Core/Src/main.c:177:6:SystemClock_Config	3
../Core/Src/main.c:224:13:MX_I2C3_Init	2
../Core/Src/main.c:258:13:MX_USART2_UART_Init	2
../Core/Src/main.c:291:13:MX_GPIO_Init	1
../Core/Src/main.c:337:6:StartDefaultTask	1
../Core/Src/main.c:355:6:Start_UART_task	1
../Core/Src/main.c:374:6:Start_STEPPER_task	5
../Core/Src/main.c:420:6:Start_ENCODER_task	2
../Core/Src/main.c:448:6:HAL_TIM_PeriodElapsedCallback	2
../Core/Src/main.c:465:6:Error_Handler	1
