../Core/Src/main.c:60:5:_write	24	static
../Core/Src/main.c:95:5:main	128	static
../Core/Src/main.c:185:6:SystemClock_Config	88	static
../Core/Src/main.c:232:13:MX_I2C3_Init	8	static
../Core/Src/main.c:266:13:MX_TIM1_Init	96	static
../Core/Src/main.c:341:13:MX_USART2_UART_Init	8	static
../Core/Src/main.c:374:13:MX_GPIO_Init	40	static
../Core/Src/main.c:420:6:StartDefaultTask	16	static
../Core/Src/main.c:438:6:Start_UART_task	16	static
../Core/Src/main.c:457:6:Start_STEPPER_task	16	static
../Core/Src/main.c:540:6:Start_ENCODER_task	24	static
../Core/Src/main.c:571:6:HAL_TIM_PeriodElapsedCallback	16	static
../Core/Src/main.c:590:6:Error_Handler	4	static,ignoring_inline_asm
